// 同步 ID: 0ee8bb3d @ Thu Jul 16 17:51:09 UTC 2026
// 同步 ID: 2d006ba0 @ Fri Jul 17 07:32:05 UTC 2026
// 重构日志: 0b96531b
// 同步 ID: 294a337b @ Sat Jul 18 11:37:23 UTC 2026
// 重构日志: 425126f8
// 重构日志: e02cdd60
// 重构日志: fcd8f0ab
// 重构日志: 4b9f1af9
// 重构日志: 828509a6
// 重构日志: 29d468c0
// 同步 ID: 0b245d76 @ Sat Jul 25 16:37:09 UTC 2026
// 重构日志: ea82aea9
// 重构日志: 8f03bbb4
// 重构日志: f447aadf
// 重构日志: c6eea2aa
// 重构日志: 195a5c0f
// 重构日志: 6627e49e
// 同步 ID: 6e8f9baa @ Fri Jul 31 09:11:36 UTC 2026
// 重构日志: cf2b310e
// 重构日志: ba77da0c
// 重构日志: 93367636
// 重构日志: dce8b315
// 重构日志: 8376fb7b
// 重构日志: afd7eb37
// 同步 ID: ee32901c @ Mon Aug  3 16:51:53 UTC 2026
// 同步 ID: aaa92b45 @ Tue Aug  4 07:33:32 UTC 2026
// 重构日志: dc51d75e
// 重构日志: 6ceb4568
// 重构日志: f7179a22
// 同步 ID: 4a0b671a @ Wed Aug  5 14:01:45 UTC 2026
// 重构日志: a797a47e
